[coderthemes.com/velonic_3.0/admin_2/index.html]
[backblue.gif]
[fade.gif]
[index.html]
[coderthemes.com/velonic_3.0/admin_2/img/favicon_1.ico]
[coderthemes.com/velonic_3.0/admin_2/css/bootstrap.min.css]
[coderthemes.com/velonic_3.0/admin_2/css/animate.css]
[coderthemes.com/velonic_3.0/admin_2/css/bootstrap-reset.css]
[coderthemes.com/velonic_3.0/admin_2/assets/morris/morris.css]
[coderthemes.com/velonic_3.0/admin_2/assets/sweet-alert/sweet-alert.min.css]
[coderthemes.com/velonic_3.0/admin_2/css/helper.css]
[www.google-analytics.com/analytics.js]
[coderthemes.com/velonic_3.0/admin_2/assets/ionicon/css/ionicons.min.css]
[coderthemes.com/velonic_3.0/admin_2/css/style.css]
[coderthemes.com/velonic_3.0/admin_2/buttons.html]
[coderthemes.com/velonic_3.0/admin_2/typography.html]
[coderthemes.com/velonic_3.0/admin_2/panels.html]
[coderthemes.com/velonic_3.0/admin_2/icons.html]
[coderthemes.com/velonic_3.0/admin_2/modals.html]
[coderthemes.com/velonic_3.0/admin_2/assets/font-awesome/css/font-awesome.css]
[coderthemes.com/velonic_3.0/admin_2/tabs-accordions.html]
[coderthemes.com/velonic_3.0/admin_2/notification.html]
[coderthemes.com/velonic_3.0/admin_2/sweet-alert.html]
[coderthemes.com/velonic_3.0/admin_2/grid.html]
[coderthemes.com/velonic_3.0/admin_2/progressbars.html]
[coderthemes.com/velonic_3.0/admin_2/widgets.html]
[coderthemes.com/velonic_3.0/admin_2/nestable-list.html]
[coderthemes.com/velonic_3.0/admin_2/portlets.html]
[coderthemes.com/velonic_3.0/admin_2/ui-sliders.html]
[coderthemes.com/velonic_3.0/admin_2/form-elements.html]
[coderthemes.com/velonic_3.0/admin_2/calendar.html]
[coderthemes.com/velonic_3.0/admin_2/form-validation.html]
[coderthemes.com/velonic_3.0/admin_2/form-wizard.html]
[coderthemes.com/velonic_3.0/admin_2/form-advanced.html]
[coderthemes.com/velonic_3.0/admin_2/code-editor.html]
[coderthemes.com/velonic_3.0/admin_2/form-editor.html]
[coderthemes.com/velonic_3.0/admin_2/form-uploads.html]
[coderthemes.com/velonic_3.0/admin_2/bootstrap-ui.html]
[coderthemes.com/velonic_3.0/admin_2/form-xeditable.html]
[coderthemes.com/velonic_3.0/admin_2/tables.html]
[coderthemes.com/velonic_3.0/admin_2/image-crop.html]
[coderthemes.com/velonic_3.0/admin_2/tables-editable.html]
[coderthemes.com/velonic_3.0/admin_2/morris-chart.html]
[coderthemes.com/velonic_3.0/admin_2/chartjs.html]
[coderthemes.com/velonic_3.0/admin_2/responsive-table.html]
[coderthemes.com/velonic_3.0/admin_2/flot-chart.html]
[coderthemes.com/velonic_3.0/admin_2/peity-chart.html]
[coderthemes.com/velonic_3.0/admin_2/rickshaw-chart.html]
[coderthemes.com/velonic_3.0/admin_2/other-chart.html]
[coderthemes.com/velonic_3.0/admin_2/inbox.html]
[coderthemes.com/velonic_3.0/admin_2/email-compose.html]
[coderthemes.com/velonic_3.0/admin_2/email-read.html]
[coderthemes.com/velonic_3.0/admin_2/email-templates.html]
[coderthemes.com/velonic_3.0/admin_2/gmap.html]
[coderthemes.com/velonic_3.0/admin_2/vector-map.html]
[coderthemes.com/velonic_3.0/admin_2/profile.html]
[coderthemes.com/velonic_3.0/admin_2/timeline.html]
[coderthemes.com/velonic_3.0/admin_2/table-datatable.html]
[coderthemes.com/velonic_3.0/admin_2/invoice.html]
[coderthemes.com/velonic_3.0/admin_2/contact.html]
[coderthemes.com/velonic_3.0/admin_2/login.html]
[coderthemes.com/velonic_3.0/admin_2/register.html]
[coderthemes.com/velonic_3.0/admin_2/recoverpw.html]
[coderthemes.com/velonic_3.0/admin_2/lock-screen.html]
[coderthemes.com/velonic_3.0/admin_2/blank.html]
[coderthemes.com/velonic_3.0/admin_2/404.html]
[coderthemes.com/velonic_3.0/admin_2/404_alt.html]
[coderthemes.com/velonic_3.0/admin_2/500.html]
[coderthemes.com/velonic_3.0/admin_2/img/avatar-2.jpg]
[coderthemes.com/velonic_3.0/admin_2/img/avatar-3.jpg]
[coderthemes.com/velonic_3.0/admin_2/img/avatar-4.jpg]
[coderthemes.com/velonic_3.0/admin_2/js/bootstrap.min.js]
[coderthemes.com/velonic_3.0/admin_2/js/modernizr.min.js]
[coderthemes.com/velonic_3.0/admin_2/js/pace.min.js]
[coderthemes.com/velonic_3.0/admin_2/js/wow.min.js]
[coderthemes.com/velonic_3.0/admin_2/js/jquery.js]
[coderthemes.com/velonic_3.0/admin_2/js/jquery.scrollTo.min.js]
[coderthemes.com/velonic_3.0/admin_2/js/jquery.nicescroll.js]
[coderthemes.com/velonic_3.0/admin_2/assets/chat/moment-2.2.1.js]
[coderthemes.com/velonic_3.0/admin_2/js/waypoints.min.js]
[coderthemes.com/velonic_3.0/admin_2/js/jquery.counterup.min.js]
[coderthemes.com/velonic_3.0/admin_2/assets/easypie-chart/easypiechart.min.js]
[coderthemes.com/velonic_3.0/admin_2/assets/easypie-chart/jquery.easypiechart.min.js]
[coderthemes.com/velonic_3.0/admin_2/assets/easypie-chart/example.js]
[coderthemes.com/velonic_3.0/admin_2/assets/morris/morris.min.js]
[coderthemes.com/velonic_3.0/admin_2/c3-chart.html]
[coderthemes.com/velonic_3.0/admin_2/assets/morris/raphael.min.js]
[coderthemes.com/velonic_3.0/admin_2/assets/c3-chart/d3.v3.min.js]
[coderthemes.com/velonic_3.0/admin_2/assets/c3-chart/c3.js]
[coderthemes.com/velonic_3.0/admin_2/assets/sparkline-chart/chart-sparkline.js]
[coderthemes.com/velonic_3.0/admin_2/assets/sweet-alert/sweet-alert.min.js]
[coderthemes.com/velonic_3.0/admin_2/assets/sparkline-chart/jquery.sparkline.min.js]
[coderthemes.com/velonic_3.0/admin_2/assets/sweet-alert/sweet-alert.init.js]
[coderthemes.com/velonic_3.0/admin_2/js/jquery.chat.js]
[coderthemes.com/velonic_3.0/admin_2/js/jquery.dashboard.js]
[coderthemes.com/velonic_3.0/admin_2/js/jquery.app.js]
[coderthemes.com/velonic_3.0/admin_2/index.html]
[coderthemes.com/velonic_3.0/admin_2/js/jquery.todo.js]
[coderthemes.com/velonic_3.0/admin_2/fonts/glyphicons-halflings-regular.eot]
[coderthemes.com/velonic_3.0/admin_2/fonts/glyphicons-halflings-regular.woff2]
[coderthemes.com/velonic_3.0/admin_2/fonts/glyphicons-halflings-regulard41d.eot]
[coderthemes.com/velonic_3.0/admin_2/fonts/glyphicons-halflings-regular.woff]
[coderthemes.com/velonic_3.0/admin_2/fonts/glyphicons-halflings-regular.ttf]
[coderthemes.com/velonic_3.0/admin_2/css/bootstrap.min.css]
[coderthemes.com/velonic_3.0/admin_2/css/bootstrap-reset.css]
[coderthemes.com/velonic_3.0/admin_2/css/animate.css]
[coderthemes.com/velonic_3.0/admin_2/assets/font-awesome/fonts/fontawesome-webfonte0a5.eot]
[coderthemes.com/velonic_3.0/admin_2/assets/font-awesome/fonts/fontawesome-webfontd41d.eot]
[coderthemes.com/velonic_3.0/admin_2/assets/font-awesome/fonts/fontawesome-webfonte0a5.woff2]
[coderthemes.com/velonic_3.0/admin_2/assets/font-awesome/fonts/fontawesome-webfonte0a5.woff]
[coderthemes.com/velonic_3.0/admin_2/assets/font-awesome/fonts/fontawesome-webfonte0a5.ttf]
[coderthemes.com/velonic_3.0/admin_2/assets/font-awesome/css/font-awesome.css]
[coderthemes.com/velonic_3.0/admin_2/assets/ionicon/fonts/ioniconsbab9.eot]
[coderthemes.com/velonic_3.0/admin_2/assets/font-awesome/fonts/fontawesome-webfonte0a5.svg]
[coderthemes.com/velonic_3.0/admin_2/assets/ionicon/fonts/ioniconsbab9.ttf]
[coderthemes.com/velonic_3.0/admin_2/assets/ionicon/fonts/ioniconsbab9.woff]
[coderthemes.com/velonic_3.0/admin_2/assets/ionicon/css/ionicons.min.css]
[coderthemes.com/velonic_3.0/admin_2/assets/morris/morris.css]
[coderthemes.com/velonic_3.0/admin_2/assets/sweet-alert/sweet-alert.min.css]
[coderthemes.com/velonic_3.0/admin_2/img/album/img-1.jpg]
[coderthemes.com/velonic_3.0/admin_2/assets/ionicon/fonts/ioniconsbab9.svg]
[coderthemes.com/velonic_3.0/admin_2/css/style.css]
[coderthemes.com/velonic_3.0/admin_2/css/helper.css]
[coderthemes.com/velonic_3.0/admin_2/typography.html]
[coderthemes.com/velonic_3.0/admin_2/buttons.html]
[coderthemes.com/velonic_3.0/admin_2/icons.html]
[coderthemes.com/velonic_3.0/admin_2/panels.html]
[coderthemes.com/velonic_3.0/admin_2/tabs-accordions.html]
[coderthemes.com/velonic_3.0/admin_2/assets/modal-effect/css/component.css]
[coderthemes.com/velonic_3.0/admin_2/assets/modal-effect/js/classie.js]
[coderthemes.com/velonic_3.0/admin_2/modals.html]
[coderthemes.com/velonic_3.0/admin_2/bootstrap-ui.html]
[coderthemes.com/velonic_3.0/admin_2/progressbars.html]
[coderthemes.com/velonic_3.0/admin_2/assets/modal-effect/js/modalEffects.js]
[coderthemes.com/velonic_3.0/admin_2/assets/notifications/notification.css]
[coderthemes.com/velonic_3.0/admin_2/assets/notifications/notify-metro.js]
[coderthemes.com/velonic_3.0/admin_2/notification.html]
[coderthemes.com/velonic_3.0/admin_2/sweet-alert.html]
[coderthemes.com/velonic_3.0/admin_2/grid.html]
[coderthemes.com/velonic_3.0/admin_2/portlets.html]
[coderthemes.com/velonic_3.0/admin_2/assets/notifications/notifications.js]
[coderthemes.com/velonic_3.0/admin_2/assets/owl-carousel/owl.carousel.css]
[coderthemes.com/velonic_3.0/admin_2/img/avatar-8.jpg]
[coderthemes.com/velonic_3.0/admin_2/assets/notifications/notify.min.js]
[coderthemes.com/velonic_3.0/admin_2/img/avatar-5.jpg]
[coderthemes.com/velonic_3.0/admin_2/img/avatar-6.jpg]
[coderthemes.com/velonic_3.0/admin_2/img/avatar-9.jpg]
[coderthemes.com/velonic_3.0/admin_2/js/skycons.min.js]
[coderthemes.com/velonic_3.0/admin_2/widgets.html]
[coderthemes.com/velonic_3.0/admin_2/assets/jquery-knob/jquery.knob.js]
[coderthemes.com/velonic_3.0/admin_2/assets/nestable/jquery.nestable.css]
[coderthemes.com/velonic_3.0/admin_2/assets/nestable/jquery.nestable.js]
[coderthemes.com/velonic_3.0/admin_2/nestable-list.html]
[coderthemes.com/velonic_3.0/admin_2/assets/nestable/nestable.js]
[coderthemes.com/velonic_3.0/admin_2/assets/owl-carousel/owl.carousel.js]
[coderthemes.com/velonic_3.0/admin_2/assets/fullcalendar/moment.min.js]
[coderthemes.com/velonic_3.0/admin_2/assets/fullcalendar/calendar-init.js]
[coderthemes.com/velonic_3.0/admin_2/calendar.html]
[coderthemes.com/velonic_3.0/admin_2/assets/fullcalendar/fullcalendar.css]
[coderthemes.com/velonic_3.0/admin_2/assets/ion-rangeslider/ion.rangeSlider.css]
[coderthemes.com/velonic_3.0/admin_2/assets/ion-rangeslider/ion.rangeSlider.skinFlat.css]
[coderthemes.com/velonic_3.0/admin_2/js/jquery-ui-1.10.1.custom.min.js]
[coderthemes.com/velonic_3.0/admin_2/assets/ion-rangeslider/ion.rangeSlider.min.js]
[coderthemes.com/velonic_3.0/admin_2/ui-sliders.html]
[coderthemes.com/velonic_3.0/admin_2/form-elements.html]
[coderthemes.com/velonic_3.0/admin_2/assets/ion-rangeslider/ui-sliders.js]
[coderthemes.com/velonic_3.0/admin_2/form-validation.html]
[coderthemes.com/velonic_3.0/admin_2/assets/jquery.validate/form-validation-init.js]
[coderthemes.com/velonic_3.0/admin_2/assets/jquery.validate/jquery.validate.min.js]
[coderthemes.com/velonic_3.0/admin_2/assets/tagsinput/jquery.tagsinput.css]
[coderthemes.com/velonic_3.0/admin_2/assets/toggles/toggles.css]
[coderthemes.com/velonic_3.0/admin_2/assets/timepicker/bootstrap-timepicker.min.css]
[coderthemes.com/velonic_3.0/admin_2/assets/timepicker/bootstrap-datepicker.min.css]
[coderthemes.com/velonic_3.0/admin_2/assets/colorpicker/colorpicker.css]
[coderthemes.com/velonic_3.0/admin_2/assets/jquery-multi-select/multi-select.css]
[coderthemes.com/velonic_3.0/admin_2/assets/select2/select2.css]
[coderthemes.com/velonic_3.0/admin_2/assets/tagsinput/jquery.tagsinput.min.js]
[coderthemes.com/velonic_3.0/admin_2/assets/toggles/toggles.min.js]
[coderthemes.com/velonic_3.0/admin_2/assets/timepicker/bootstrap-timepicker.min.js]
[coderthemes.com/velonic_3.0/admin_2/assets/fullcalendar/fullcalendar.min.js]
[coderthemes.com/velonic_3.0/admin_2/assets/colorpicker/bootstrap-colorpicker.js]
[coderthemes.com/velonic_3.0/admin_2/assets/jquery-multi-select/jquery.quicksearch.js]
[coderthemes.com/velonic_3.0/admin_2/assets/spinner/spinner.min.js]
[coderthemes.com/velonic_3.0/admin_2/assets/bootstrap-inputmask/bootstrap-inputmask.min.js]
[coderthemes.com/velonic_3.0/admin_2/form-advanced.html]
[coderthemes.com/velonic_3.0/admin_2/assets/form-wizard/jquery.steps.css]
[coderthemes.com/velonic_3.0/admin_2/assets/timepicker/bootstrap-datepicker.js]
[coderthemes.com/velonic_3.0/admin_2/assets/jquery-multi-select/jquery.multi-select.js]
[coderthemes.com/velonic_3.0/admin_2/assets/form-wizard/jquery.steps.min.js]
[coderthemes.com/velonic_3.0/admin_2/form-wizard.html]
[coderthemes.com/velonic_3.0/admin_2/assets/form-wizard/wizard-init.js]
[coderthemes.com/velonic_3.0/admin_2/assets/bootstrap-wysihtml5/bootstrap-wysihtml5.css]
[coderthemes.com/velonic_3.0/admin_2/assets/summernote/summernote.css]
[coderthemes.com/velonic_3.0/admin_2/assets/select2/select2.min.js]
[coderthemes.com/velonic_3.0/admin_2/form-editor.html]
[coderthemes.com/velonic_3.0/admin_2/assets/form-wizard/bootstrap-validator.min.js]
[coderthemes.com/velonic_3.0/admin_2/assets/bootstrap-wysihtml5/bootstrap-wysihtml5.js]
[coderthemes.com/velonic_3.0/admin_2/assets/codemirror/codemirror.css]
[coderthemes.com/velonic_3.0/admin_2/assets/codemirror/ambiance.css]
[coderthemes.com/velonic_3.0/admin_2/assets/codemirror/formatting.js]
[coderthemes.com/velonic_3.0/admin_2/assets/summernote/summernote.min.js]
[coderthemes.com/velonic_3.0/admin_2/assets/codemirror/xml.js]
[coderthemes.com/velonic_3.0/admin_2/assets/codemirror/javascript.js]
[coderthemes.com/velonic_3.0/admin_2/code-editor.html]
[coderthemes.com/velonic_3.0/admin_2/assets/codemirror/custom.codemirror.js]
[coderthemes.com/velonic_3.0/admin_2/assets/dropzone/dropzone.css]
[coderthemes.com/velonic_3.0/admin_2/form-uploads.html]
[coderthemes.com/velonic_3.0/admin_2/assets/cropper/cropper.css]
[coderthemes.com/velonic_3.0/admin_2/assets/dropzone/dropzone.min.js]
[coderthemes.com/velonic_3.0/admin_2/img/img_1.jpg]
[coderthemes.com/velonic_3.0/admin_2/img/img_2.jpg]
[coderthemes.com/velonic_3.0/admin_2/assets/bootstrap-wysihtml5/wysihtml5-0.3.0.js]
[coderthemes.com/velonic_3.0/admin_2/assets/cropper/cropper.min.js]
[coderthemes.com/velonic_3.0/admin_2/assets/codemirror/codemirror.js]
[coderthemes.com/velonic_3.0/admin_2/image-crop.html]
[coderthemes.com/velonic_3.0/admin_2/assets/cropper/cropper-conf.js]
[coderthemes.com/velonic_3.0/admin_2/assets/bootstrap3-editable/moment.min.js]
[coderthemes.com/velonic_3.0/admin_2/assets/bootstrap3-editable/bootstrap-editable.css]
[coderthemes.com/velonic_3.0/admin_2/form-xeditable.html]
[coderthemes.com/velonic_3.0/admin_2/assets/bootstrap3-editable/demo-xeditable.js]
[coderthemes.com/velonic_3.0/admin_2/tables.html]
[coderthemes.com/velonic_3.0/admin_2/assets/datatables/jquery.dataTables.min.css]
[coderthemes.com/velonic_3.0/admin_2/assets/datatables/jquery.dataTables.min.js]
[coderthemes.com/velonic_3.0/admin_2/assets/bootstrap3-editable/bootstrap-editable.js]
[coderthemes.com/velonic_3.0/admin_2/table-datatable.html]
[coderthemes.com/velonic_3.0/admin_2/assets/datatables/dataTables.bootstrap.js]
[coderthemes.com/velonic_3.0/admin_2/assets/magnific-popup/magnific-popup.css]
[coderthemes.com/velonic_3.0/admin_2/assets/magnific-popup/magnific-popup.js]
[coderthemes.com/velonic_3.0/admin_2/assets/jquery-datatables-editable/datatables.css]
[coderthemes.com/velonic_3.0/admin_2/tables-editable.html]
[coderthemes.com/velonic_3.0/admin_2/assets/jquery-datatables-editable/datatables.editable.init.js]
[coderthemes.com/velonic_3.0/admin_2/responsive-table.html]
[coderthemes.com/velonic_3.0/admin_2/assets/responsive-table/rwd-table.min.css]
[coderthemes.com/velonic_3.0/admin_2/assets/responsive-table/rwd-table.min.js]
[coderthemes.com/velonic_3.0/admin_2/morris-chart.html]
[coderthemes.com/velonic_3.0/admin_2/assets/morris/morris.init.js]
[coderthemes.com/velonic_3.0/admin_2/chartjs.html]
[coderthemes.com/velonic_3.0/admin_2/assets/chartjs/chartjs.init.js]
[coderthemes.com/velonic_3.0/admin_2/assets/chartjs/chart.min.js]
[coderthemes.com/velonic_3.0/admin_2/assets/flot-chart/jquery.flot.tooltip.min.js]
[coderthemes.com/velonic_3.0/admin_2/assets/flot-chart/jquery.flot.time.js]
[coderthemes.com/velonic_3.0/admin_2/assets/flot-chart/jquery.flot.resize.js]
[coderthemes.com/velonic_3.0/admin_2/assets/flot-chart/jquery.flot.pie.js]
[coderthemes.com/velonic_3.0/admin_2/assets/flot-chart/jquery.flot.selection.js]
[coderthemes.com/velonic_3.0/admin_2/assets/flot-chart/jquery.flot.js]
[coderthemes.com/velonic_3.0/admin_2/assets/flot-chart/jquery.flot.stack.js]
[coderthemes.com/velonic_3.0/admin_2/assets/flot-chart/jquery.flot.crosshair.js]
[coderthemes.com/velonic_3.0/admin_2/flot-chart.html]
[coderthemes.com/velonic_3.0/admin_2/assets/flot-chart/jquery.flot.init.js]
[coderthemes.com/velonic_3.0/admin_2/assets/rickshaw-chart/rickshaw.min.css]
[ajax.googleapis.com/ajax/libs/jqueryui/1.8.15/jquery-ui.min.js]
[coderthemes.com/velonic_3.0/admin_2/assets/rickshaw-chart/vendor/d3.layout.min.js]
[coderthemes.com/velonic_3.0/admin_2/assets/rickshaw-chart/vendor/d3.min.js]
[coderthemes.com/velonic_3.0/admin_2/assets/rickshaw-chart/rickshaw.chart.init.js]
[coderthemes.com/velonic_3.0/admin_2/rickshaw-chart.html]
[coderthemes.com/velonic_3.0/admin_2/assets/peity-chart/jquery.peity.min.js]
[coderthemes.com/velonic_3.0/admin_2/assets/rickshaw-chart/rickshaw.min.js]
[coderthemes.com/velonic_3.0/admin_2/assets/peity-chart/jquery.peity.init.js]
[coderthemes.com/velonic_3.0/admin_2/peity-chart.html]
[coderthemes.com/velonic_3.0/admin_2/assets/c3-chart/c3.css]
[coderthemes.com/velonic_3.0/admin_2/c3-chart.html]
[coderthemes.com/velonic_3.0/admin_2/other-chart.html]
[coderthemes.com/velonic_3.0/admin_2/inbox.html]
[coderthemes.com/velonic_3.0/admin_2/email-compose.html]
[coderthemes.com/velonic_3.0/admin_2/assets/c3-chart/c3-chart.init.js]
[coderthemes.com/velonic_3.0/admin_2/img/album/sm-img-1.jpg]
[coderthemes.com/velonic_3.0/admin_2/assets/jquery-datatables-editable/jquery.dataTables.js]
[coderthemes.com/velonic_3.0/admin_2/img/album/sm-img-2.jpg]
[coderthemes.com/velonic_3.0/admin_2/email-read.html]
[coderthemes.com/velonic_3.0/admin_2/img/email/1.png]
[coderthemes.com/velonic_3.0/admin_2/email-templates/action.html]
[coderthemes.com/velonic_3.0/admin_2/email-templates/alert.html]
[coderthemes.com/velonic_3.0/admin_2/img/email/2.png]
[coderthemes.com/velonic_3.0/admin_2/img/email/3.png]
[coderthemes.com/velonic_3.0/admin_2/email-templates.html]
[coderthemes.com/velonic_3.0/admin_2/email-templates/billing.html]
[coderthemes.com/velonic_3.0/admin_2/gmap.html]
[coderthemes.com/velonic_3.0/admin_2/assets/gmaps/gmaps-plugin.js]
[coderthemes.com/velonic_3.0/admin_2/assets/vector-map/jquery-jvectormap-1.1.1.css]
[coderthemes.com/velonic_3.0/admin_2/assets/vector-map/jqvmap.css]
[coderthemes.com/velonic_3.0/admin_2/assets/vector-map/jquery.vmap.sampledata.js]
[coderthemes.com/velonic_3.0/admin_2/assets/vector-map/jquery.vmap.europe.js]
[coderthemes.com/velonic_3.0/admin_2/assets/gmaps/gmaps.js]
[coderthemes.com/velonic_3.0/admin_2/assets/vector-map/jquery.vmap.australia.js]
[coderthemes.com/velonic_3.0/admin_2/assets/vector-map/jquery.vmap.world.js]
[coderthemes.com/velonic_3.0/admin_2/assets/vector-map/jquery.vmap.js]
[coderthemes.com/velonic_3.0/admin_2/vector-map.html]
[coderthemes.com/velonic_3.0/admin_2/assets/vector-map/vmap-init.js]
[coderthemes.com/velonic_3.0/admin_2/img/bg_6.jpg]
[coderthemes.com/velonic_3.0/admin_2/profile.html]
[coderthemes.com/velonic_3.0/admin_2/img/album/sm-img-3.jpg]
[coderthemes.com/velonic_3.0/admin_2/assets/vector-map/jquery.vmap.asia.js]
[coderthemes.com/velonic_3.0/admin_2/img/album/sm-img-4.jpg]
[coderthemes.com/velonic_3.0/admin_2/assets/vector-map/jquery.vmap.usa.js]
[coderthemes.com/velonic_3.0/admin_2/img/album/sm-img-5.jpg]
[coderthemes.com/velonic_3.0/admin_2/timeline.html]
[coderthemes.com/velonic_3.0/admin_2/img/logo_dark.png]
[coderthemes.com/velonic_3.0/admin_2/invoice.html]
[coderthemes.com/velonic_3.0/admin_2/img/avatar-7.jpg]
[coderthemes.com/velonic_3.0/admin_2/contact.html]
[coderthemes.com/velonic_3.0/admin_2/login.html]
[coderthemes.com/velonic_3.0/admin_2/register.html]
[coderthemes.com/velonic_3.0/admin_2/recoverpw.html]
[coderthemes.com/velonic_3.0/admin_2/lock-screen.html]
[coderthemes.com/velonic_3.0/admin_2/blank.html]
[coderthemes.com/velonic_3.0/admin_2/404.html]
[coderthemes.com/velonic_3.0/admin_2/404_alt.html]
[coderthemes.com/velonic_3.0/admin_2/500.html]
[coderthemes.com/velonic_3.0/admin_2/js/jquery.js]
[coderthemes.com/velonic_3.0/admin_2/js/bootstrap.min.js]
[coderthemes.com/velonic_3.0/admin_2/js/modernizr.min.js]
[coderthemes.com/velonic_3.0/admin_2/js/pace.min.js]
[coderthemes.com/velonic_3.0/admin_2/js/wow.min.js]
[coderthemes.com/velonic_3.0/admin_2/js/jquery.scrollTo.min.js]
[coderthemes.com/velonic_3.0/admin_2/js/jquery.nicescroll.js]
[coderthemes.com/velonic_3.0/admin_2/assets/chat/moment-2.2.1.js]
[coderthemes.com/velonic_3.0/admin_2/js/waypoints.min.js]
[coderthemes.com/velonic_3.0/admin_2/js/jquery.counterup.min.js]
[coderthemes.com/velonic_3.0/admin_2/assets/easypie-chart/easypiechart.min.js]
[coderthemes.com/velonic_3.0/admin_2/assets/easypie-chart/jquery.easypiechart.min.js]
[coderthemes.com/velonic_3.0/admin_2/assets/easypie-chart/example.js]
[coderthemes.com/velonic_3.0/admin_2/assets/c3-chart/d3.v3.min.js]
[coderthemes.com/velonic_3.0/admin_2/assets/c3-chart/c3.js]
[coderthemes.com/velonic_3.0/admin_2/assets/morris/morris.min.js]
[coderthemes.com/velonic_3.0/admin_2/assets/morris/raphael.min.js]
[coderthemes.com/velonic_3.0/admin_2/assets/sparkline-chart/jquery.sparkline.min.js]
[coderthemes.com/velonic_3.0/admin_2/assets/sparkline-chart/chart-sparkline.js]
[coderthemes.com/velonic_3.0/admin_2/assets/sweet-alert/sweet-alert.min.js]
[coderthemes.com/velonic_3.0/admin_2/assets/sweet-alert/sweet-alert.init.js]
[coderthemes.com/velonic_3.0/admin_2/js/jquery.app.js]
[coderthemes.com/velonic_3.0/admin_2/js/jquery.chat.js]
[coderthemes.com/velonic_3.0/admin_2/js/jquery.dashboard.js]
[coderthemes.com/velonic_3.0/admin_2/js/jquery.todo.js]
[coderthemes.com/velonic_3.0/admin_2/assets/font-awesome/fonts/fontawesome-webfonte0a5.svg]
[coderthemes.com/velonic_3.0/admin_2/assets/ionicon/fonts/ioniconsbab9.svg]
[coderthemes.com/velonic_3.0/admin_2/assets/modal-effect/css/component.css]
[coderthemes.com/velonic_3.0/admin_2/assets/modal-effect/js/classie.js]
[coderthemes.com/velonic_3.0/admin_2/assets/modal-effect/js/modalEffects.js]
[coderthemes.com/velonic_3.0/admin_2/assets/notifications/notification.css]
[coderthemes.com/velonic_3.0/admin_2/assets/notifications/notify.min.js]
[coderthemes.com/velonic_3.0/admin_2/assets/notifications/notify-metro.js]
[coderthemes.com/velonic_3.0/admin_2/assets/notifications/notifications.js]
[coderthemes.com/velonic_3.0/admin_2/assets/owl-carousel/owl.carousel.css]
[coderthemes.com/velonic_3.0/admin_2/js/skycons.min.js]
[coderthemes.com/velonic_3.0/admin_2/assets/jquery-knob/jquery.knob.js]
[coderthemes.com/velonic_3.0/admin_2/assets/owl-carousel/owl.carousel.js]
[coderthemes.com/velonic_3.0/admin_2/assets/nestable/jquery.nestable.css]
[coderthemes.com/velonic_3.0/admin_2/assets/nestable/jquery.nestable.js]
[coderthemes.com/velonic_3.0/admin_2/assets/nestable/nestable.js]
[coderthemes.com/velonic_3.0/admin_2/assets/fullcalendar/fullcalendar.css]
[coderthemes.com/velonic_3.0/admin_2/js/jquery-ui-1.10.1.custom.min.js]
[coderthemes.com/velonic_3.0/admin_2/assets/fullcalendar/moment.min.js]
[coderthemes.com/velonic_3.0/admin_2/assets/fullcalendar/fullcalendar.min.js]
[coderthemes.com/velonic_3.0/admin_2/assets/fullcalendar/calendar-init.js]
[coderthemes.com/velonic_3.0/admin_2/assets/ion-rangeslider/ion.rangeSlider.css]
[coderthemes.com/velonic_3.0/admin_2/fonts/glyphicons-halflings-regular.svg]
[coderthemes.com/velonic_3.0/admin_2/assets/ion-rangeslider/sprite-skin-flat.png]
[coderthemes.com/velonic_3.0/admin_2/assets/ion-rangeslider/ion.rangeSlider.skinFlat.css]
[coderthemes.com/velonic_3.0/admin_2/assets/ion-rangeslider/ion.rangeSlider.min.js]
[coderthemes.com/velonic_3.0/admin_2/assets/ion-rangeslider/ui-sliders.js]
[coderthemes.com/velonic_3.0/admin_2/assets/jquery.validate/jquery.validate.min.js]
[coderthemes.com/velonic_3.0/admin_2/assets/jquery.validate/form-validation-init.js]
[coderthemes.com/velonic_3.0/admin_2/assets/tagsinput/jquery.tagsinput.css]
[coderthemes.com/velonic_3.0/admin_2/assets/toggles/toggles.css]
[coderthemes.com/velonic_3.0/admin_2/assets/timepicker/bootstrap-timepicker.min.css]
[coderthemes.com/velonic_3.0/admin_2/assets/timepicker/bootstrap-datepicker.min.css]
[coderthemes.com/velonic_3.0/admin_2/assets/colorpicker/img/saturation.png]
[coderthemes.com/velonic_3.0/admin_2/assets/colorpicker/img/hue.png]
[coderthemes.com/velonic_3.0/admin_2/assets/colorpicker/img/alpha.png]
[coderthemes.com/velonic_3.0/admin_2/assets/colorpicker/colorpicker.css]
[coderthemes.com/velonic_3.0/admin_2/assets/jquery-multi-select/img/switch.png]
[coderthemes.com/velonic_3.0/admin_2/assets/jquery-multi-select/multi-select.css]
[coderthemes.com/velonic_3.0/admin_2/assets/select2/img/select2.png]
[coderthemes.com/velonic_3.0/admin_2/assets/select2/img/droparrows.png]
[coderthemes.com/velonic_3.0/admin_2/assets/select2/img/select2-spinner.gif]
[coderthemes.com/velonic_3.0/admin_2/assets/select2/select2.css]
[coderthemes.com/velonic_3.0/admin_2/assets/tagsinput/jquery.tagsinput.min.js]
[coderthemes.com/velonic_3.0/admin_2/assets/toggles/toggles.min.js]
[coderthemes.com/velonic_3.0/admin_2/assets/timepicker/bootstrap-timepicker.min.js]
[coderthemes.com/velonic_3.0/admin_2/assets/timepicker/bootstrap-datepicker.js]
[coderthemes.com/velonic_3.0/admin_2/assets/colorpicker/bootstrap-colorpicker.js]
[coderthemes.com/velonic_3.0/admin_2/assets/jquery-multi-select/jquery.multi-select.js]
[coderthemes.com/velonic_3.0/admin_2/assets/jquery-multi-select/jquery.quicksearch.js]
[coderthemes.com/velonic_3.0/admin_2/assets/bootstrap-inputmask/bootstrap-inputmask.min.js]
[coderthemes.com/velonic_3.0/admin_2/assets/spinner/spinner.min.js]
[coderthemes.com/velonic_3.0/admin_2/assets/select2/select2.min.js]
[coderthemes.com/velonic_3.0/admin_2/assets/form-wizard/jquery.steps.css]
[coderthemes.com/velonic_3.0/admin_2/assets/form-wizard/bootstrap-validator.min.js]
[coderthemes.com/velonic_3.0/admin_2/assets/form-wizard/jquery.steps.min.js]
[coderthemes.com/velonic_3.0/admin_2/assets/form-wizard/wizard-init.js]
[coderthemes.com/velonic_3.0/admin_2/assets/bootstrap-wysihtml5/bootstrap-wysihtml5.css]
[coderthemes.com/velonic_3.0/admin_2/assets/summernote/summernote.css]
[coderthemes.com/velonic_3.0/admin_2/assets/bootstrap-wysihtml5/wysihtml5-0.3.0.js]
[coderthemes.com/velonic_3.0/admin_2/assets/bootstrap-wysihtml5/bootstrap-wysihtml5.js]
[coderthemes.com/velonic_3.0/admin_2/assets/summernote/summernote.min.js]
[coderthemes.com/velonic_3.0/admin_2/assets/codemirror/codemirror.css]
[coderthemes.com/velonic_3.0/admin_2/assets/codemirror/ambiance.css]
[coderthemes.com/velonic_3.0/admin_2/assets/codemirror/codemirror.js]
[coderthemes.com/velonic_3.0/admin_2/assets/codemirror/formatting.js]
[coderthemes.com/velonic_3.0/admin_2/assets/codemirror/xml.js]
[coderthemes.com/velonic_3.0/admin_2/assets/codemirror/javascript.js]
[coderthemes.com/velonic_3.0/admin_2/assets/codemirror/custom.codemirror.js]
[coderthemes.com/velonic_3.0/admin_2/assets/dropzone/spritemap.png]
[coderthemes.com/velonic_3.0/admin_2/assets/dropzone/spritemap@2x.png]
[coderthemes.com/velonic_3.0/admin_2/assets/dropzone/dropzone.css]
[coderthemes.com/velonic_3.0/admin_2/assets/dropzone/dropzone.min.js]
[coderthemes.com/velonic_3.0/admin_2/assets/cropper/cropper.css]
[coderthemes.com/velonic_3.0/admin_2/assets/cropper/cropper.min.js]
[coderthemes.com/velonic_3.0/admin_2/assets/cropper/cropper-conf.js]
[coderthemes.com/velonic_3.0/admin_2/assets/bootstrap3-editable/loading.gif]
[coderthemes.com/velonic_3.0/admin_2/assets/bootstrap3-editable/clear.png]
[coderthemes.com/velonic_3.0/admin_2/assets/bootstrap3-editable/bootstrap-editable.css]
[coderthemes.com/velonic_3.0/admin_2/assets/bootstrap3-editable/moment.min.js]
[coderthemes.com/velonic_3.0/admin_2/assets/bootstrap3-editable/bootstrap-editable.js]
[coderthemes.com/velonic_3.0/admin_2/assets/bootstrap3-editable/demo-xeditable.js]
[coderthemes.com/velonic_3.0/admin_2/assets/datatables/jquery.dataTables.min.css]
[coderthemes.com/velonic_3.0/admin_2/assets/datatables/jquery.dataTables.min.js]
[coderthemes.com/velonic_3.0/admin_2/assets/datatables/dataTables.bootstrap.js]
[coderthemes.com/velonic_3.0/admin_2/assets/magnific-popup/magnific-popup.css]
[coderthemes.com/velonic_3.0/admin_2/assets/jquery-datatables-editable/datatables.css]
[coderthemes.com/velonic_3.0/admin_2/assets/magnific-popup/magnific-popup.js]
[coderthemes.com/velonic_3.0/admin_2/assets/jquery-datatables-editable/jquery.dataTables.js]
[coderthemes.com/velonic_3.0/admin_2/assets/jquery-datatables-editable/datatables.editable.init.js]
[coderthemes.com/velonic_3.0/admin_2/assets/responsive-table/rwd-table.min.css]
[coderthemes.com/velonic_3.0/admin_2/assets/responsive-table/rwd-table.min.js]
[coderthemes.com/velonic_3.0/admin_2/assets/morris/morris.init.js]
[coderthemes.com/velonic_3.0/admin_2/assets/chartjs/chart.min.js]
[coderthemes.com/velonic_3.0/admin_2/assets/chartjs/chartjs.init.js]
[coderthemes.com/velonic_3.0/admin_2/assets/flot-chart/jquery.flot.js]
[coderthemes.com/velonic_3.0/admin_2/assets/flot-chart/jquery.flot.time.js]
[coderthemes.com/velonic_3.0/admin_2/assets/flot-chart/jquery.flot.tooltip.min.js]
[coderthemes.com/velonic_3.0/admin_2/assets/flot-chart/jquery.flot.resize.js]
[coderthemes.com/velonic_3.0/admin_2/assets/flot-chart/jquery.flot.pie.js]
[coderthemes.com/velonic_3.0/admin_2/assets/flot-chart/jquery.flot.selection.js]
[coderthemes.com/velonic_3.0/admin_2/assets/flot-chart/jquery.flot.stack.js]
[coderthemes.com/velonic_3.0/admin_2/assets/flot-chart/jquery.flot.crosshair.js]
[coderthemes.com/velonic_3.0/admin_2/assets/flot-chart/jquery.flot.init.js]
[coderthemes.com/velonic_3.0/admin_2/assets/rickshaw-chart/rickshaw.min.css]
[ajax.googleapis.com/ajax/libs/jqueryui/1.8/themes/base/images/ui-bg_flat_75_ffffff_40x100.png]
[ajax.googleapis.com/ajax/libs/jqueryui/1.8/themes/base/images/ui-bg_highlight-soft_75_cccccc_1x100.png]
[ajax.googleapis.com/ajax/libs/jqueryui/1.8/themes/base/images/ui-bg_glass_75_e6e6e6_1x400.png]
[ajax.googleapis.com/ajax/libs/jqueryui/1.8/themes/base/images/ui-bg_glass_75_dadada_1x400.png]
[ajax.googleapis.com/ajax/libs/jqueryui/1.8/themes/base/images/ui-bg_glass_65_ffffff_1x400.png]
[ajax.googleapis.com/ajax/libs/jqueryui/1.8/themes/base/images/ui-bg_glass_55_fbf9ee_1x400.png]
[ajax.googleapis.com/ajax/libs/jqueryui/1.8/themes/base/images/ui-bg_glass_95_fef1ec_1x400.png]
[ajax.googleapis.com/ajax/libs/jqueryui/1.8/themes/base/images/ui-icons_222222_256x240.png]
[ajax.googleapis.com/ajax/libs/jqueryui/1.8/themes/base/images/ui-icons_888888_256x240.png]
[ajax.googleapis.com/ajax/libs/jqueryui/1.8/themes/base/images/ui-icons_454545_256x240.png]
[ajax.googleapis.com/ajax/libs/jqueryui/1.8/themes/base/images/ui-icons_2e83ff_256x240.png]
[ajax.googleapis.com/ajax/libs/jqueryui/1.8/themes/base/images/ui-icons_cd0a0a_256x240.png]
[ajax.googleapis.com/ajax/libs/jqueryui/1.8/themes/base/jquery-ui.css]
[ajax.googleapis.com/ajax/libs/jqueryui/1.8/themes/base/images/ui-bg_flat_0_aaaaaa_40x100.png]
[coderthemes.com/velonic_3.0/admin_2/assets/rickshaw-chart/vendor/d3.min.js]
[coderthemes.com/velonic_3.0/admin_2/assets/rickshaw-chart/vendor/d3.layout.min.js]
[coderthemes.com/velonic_3.0/admin_2/assets/rickshaw-chart/rickshaw.min.js]
[coderthemes.com/velonic_3.0/admin_2/assets/rickshaw-chart/rickshaw.chart.init.js]
[coderthemes.com/velonic_3.0/admin_2/assets/peity-chart/jquery.peity.min.js]
[coderthemes.com/velonic_3.0/admin_2/assets/peity-chart/jquery.peity.init.js]
[coderthemes.com/velonic_3.0/admin_2/assets/c3-chart/c3.css]
[coderthemes.com/velonic_3.0/admin_2/assets/c3-chart/c3-chart.init.js]
[coderthemes.com/velonic_3.0/admin_2/email-templates/action.html]
[coderthemes.com/velonic_3.0/admin_2/email-templates/alert.html]
[coderthemes.com/velonic_3.0/admin_2/email-templates/billing.html]
[coderthemes.com/velonic_3.0/admin_2/assets/gmaps/gmaps.js]
[coderthemes.com/velonic_3.0/admin_2/assets/gmaps/gmaps-plugin.js]
[coderthemes.com/velonic_3.0/admin_2/assets/vector-map/jquery-jvectormap-1.1.1.css]
[coderthemes.com/velonic_3.0/admin_2/assets/vector-map/jqvmap.css]
[coderthemes.com/velonic_3.0/admin_2/assets/vector-map/jquery.vmap.js]
[coderthemes.com/velonic_3.0/admin_2/assets/vector-map/jquery.vmap.world.js]
[coderthemes.com/velonic_3.0/admin_2/assets/vector-map/jquery.vmap.sampledata.js]
[coderthemes.com/velonic_3.0/admin_2/assets/vector-map/jquery.vmap.europe.js]
[coderthemes.com/velonic_3.0/admin_2/assets/vector-map/jquery.vmap.asia.js]
[coderthemes.com/velonic_3.0/admin_2/assets/vector-map/jquery.vmap.australia.js]
[coderthemes.com/velonic_3.0/admin_2/assets/vector-map/jquery.vmap.usa.js]
[coderthemes.com/velonic_3.0/admin_2/assets/vector-map/vmap-init.js]
[coderthemes.com/velonic_3.0/admin_2/Popover requires tooltip.html]
[coderthemes.com/velonic_3.0/admin_2/fonts/glyphicons-halflings-regular.svg]
[coderthemes.com/velonic_3.0/admin_2/assets/select2/.img/select2x2.html]
[coderthemes.com/velonic_3.0/admin_2/AppleWebKit/index.html]
[coderthemes.com/velonic_3.0/admin_2/Chrome/index.html]
[coderthemes.com/velonic_3.0/admin_2/Opera/index.html]
[coderthemes.com/velonic_3.0/admin_2/hpwos/index.html]
[coderthemes.com/velonic_3.0/admin_2/_.html]
[coderthemes.com/velonic_3.0/admin_2/dropzone/lib/dropzone.html]
[coderthemes.com/velonic_3.0/admin_2/GET.html]
[coderthemes.com/velonic_3.0/admin_2/img/bg_6.jpg]
